10minutemail.com
1337x.to
4pda.ru
4pna.com
7tv.app
7tv.io
ab.chatgpt.com
abercrombie.com
abook-club.ru
account.jetbrains.com
accounts.hetzner.com
adguard.com
ads-twitter.com
afcs.dellcdn.com
aftermarket.schaeffler.com
aftermarket.zf.com
ahrefs.com
ai-chat.bsg.brave.com
alphacoders.com
amdm.ru
amnezia.org
amx.com
analog.com
anilibria.tv
annas-archive.org
anthropic.com
antizapret.prostovpn.org
api.app.prod.grazie.aws.intellij.net
api.github.com
api.githubcopilot.com
api.home-connect.com
api.protonmail.ch
api.radarr.video
api.service-kp.com
api.theins.info
api.theins.ru
api.themoviedb.org
app.m3u.in
app.paraswap.io
app.zerossl.com
appstorrent.ru
apt.releases.hashicorp.com
aqicn.org
archive.ph
archiveofourown.org
artifacts.elastic.co
atlassian.com
att.com
attachments.f95zone.to
auth.grazie.ai
autodesk.com
babook.org
bard.google.com
bato.to
bell-sw.com
bitbucket.org
bitcoin.org
bitdefender.com
bitru.org
blinkshot.io
bluehost.com
booktracker.org
boosteroid.com
bosch-home.com
bt.t-ru.org
bt2.t-ru.org
bt3.t-ru.org
bt4.t-ru.org
btdig.com
bumble.com
buymeacoffee.com
capcut.com
cats.com
cbilling.eu
cbilling.vip
cdn.fbsbx.com
cdn.id.supercell.com
cdn.nba.com
cdn.oaistatic.com
cdn.web-platform.io
cdnbunny.org
cdninstagram.com
cdw.com
censortracker.org
certifytheweb.com
chatgpt.com
chaturbate.com
checkout.buckaroo.nl
chess.com
cisco.com
citrix.com
clamav.net
clashofclans.com
clashroyaleapp.com
claude.ai
cloud.lambdalabs.com
cloud.mongodb.com
cloudex.cc
cloudflare-dns.com
cms-twdigitalassets.com
cnd2exp.online
cock.li
codeium.com
coinpayments.net
coinsbee.com
coldfilm.xyz
community.cisco.com
copilot-proxy.githubusercontent.com
cpu-monkey.com
crunchyroll.com
cyberghostvpn.com
czx.to
d.docs.live.net
daemon-tools.cc
danbooru.donmai.us
database.clamav.net
decrypt.day
deezer.com
dell.com
deviantart.com
devops.com
digikey.com
digitalcontent.sky
digitalocean.com
dis.gd
discord-activities.com
discord.co
discord.com
discord.design
discord.dev
discord.gg
discord.gift
discord.gifts
discord.media
discord.new
discord.store
discord.tools
discordactivities.com
discordapp.com
discordapp.io
discordapp.net
discordapp.org
discordmerch.com
discordpartygames.com
discordsays.com
discordstatus.com
discours.io
disctech.com
dist.torproject.org
dl.grafana.com
dms.licdn.com
docker.elastic.co
docs.lambdalabs.com
dorama.live
doramalive.ru
doramy.club
download.jetbrains.com
download.lenovo.com
download.screamingfrog.co.uk
download.wetransfer.com
dpidetector.org
dreamhost.com
dual-a-0001.a-msedge.net
e1v-h.phncdn.com
edge.microsoft.com
edgeservices.bing.com
edu-cisco.org
exler.ru
exp.notion.so
f1.com
f95-zone.to
facebook.com
facebook.net
fast-torrent.club
fast.com
fb.com
fbcdn.net
fbsbx.com
fex.net
ficbook.net
files.oaiusercontent.com
filmitorrent.net
filmix.ac
filmix.biz
filmix.day
filmix.fm
filmix.la
firefly-ps.adobe.io
firefly.adobe.com
flibusta.is
footballapi.pulselive.com
fork.pet
forklog.com
formula1.com
forum.ru-board.com
freedomletters.org
freeimages.com
fw-download.ubnt.com
fw-update.ubnt.com
gagadget.com
gallery.zetalliance.org
game.brawlstarsgame.com
gamedistribution.com
gamesrepack.com
gateway.discord.gg
gdb.currenttime.tv
gdb.rferl.org
geforcenow.com
gelbooru.com
geni.us
genius.com
geolocation.onetrust.com
getoutline.com
getoutline.org
gfn.am
gitlab.io
gnome-look.org
gofile.io
gonitro.com
goodreads.com
googletagmanager.com
gpsonextra.net
gr-assets.com
grammarly.com
graylog.org
grazie.ai
groq.com
habr.com
hackernoon.com
hashicorp.com
hd.zetfix.online
hdrezka.ac
hdrezka.ag
healthline.com
helm.releases.hashicorp.com
hentai-foundry.com
hetzner.com
hollisterco.com
hostgator.com
hostinger.com
hotels.com
hqporner.com
i.sakh.com
i.yting.com
ibm.com
ibytedtos.com
id.cisco.com
id.supercell.com
ig.me
ign.com
iichan.hk
ilook.tv
image.tmdb.org
images.discordapp.net
important-stories.com
indiehackers.com
infineon.com
instagr.am
instagram.com
internalfb.com
ionos.com
iptv.online
island-of-pleasure.site
itninja.com
jamf.com
jetbrains.com
kamatera.com
kino.pub
kinobase.org
kinogo.la
kinogo.uk
kinokopilka.pro
kinopub.me
kinovod.net
kinozal.guru
kinozal.me
kinozal.tv
kpapp.link
lambdalabs.com
lamcdn.net
ldoceonline.com
lib.rus.ec
libgen.rs
lidarr.audio
lifehacker.com
linear.app
linkedin.com
linuxiac.com
livetv.sx
localbitcoins.com
login.amd.com
lolz.guru
lostfilm.run
lostfilm.tv
lostfilm.win
lostfilmtv2.site
lostfilmtv5.site
m.strava.com
macpaw.com
macvendors.com
mail-api.proton.me
mailfence.com
mailo.com
malwarebytes.com
mangadex.org
mangahub.ru
mangapark.net
marketplace.atlassian.com
master.qt.io
mattermost.com
mdza.io
media.licdn.com
medium.com
megapeer.ru
megapeer.vip
metacritic.com
meteo.paraplan.net
mobile.events.data.microsoft.com
monoprice.com
monster.ie
mouser.com
mouser.fi
mrakopedia.net
msgstore.www.notion.so
mullvad.net
multporn.net
muscdn.com
musical.ly
my.atlassian.com
mydoramy.club
myjetbrains.com
myworld-portal.leica-geosystems.com
nba.com
netflix.com
netlify.com
networksolutions.com
newark.com
news.google.com
nflxext.com
nflximg.net
nflxvideo.net
ngrok.com
nike.com
nitropdf.com
nnmclub.to
nnmstatic.win
nordvpn.com
notion-static.com
notion.com
notion.new
notion.site
notion.so
novaya.no
ntc.party
nxp.com
nyaa.si
nyaa.tracker.wf
oaistatic.com
oaiusercontent.com
oasis.app
oculus.com
ohmyswift.ru
omv-extras.org
onlineradiobox.com
onlinesim.io
onlinesim.ru
onshape.com
open.selezen.org
openai.com
openwrt.wk.cz
os.mbed.com
packages.gitlab.com
pandasecurity.com
path3.xtracloud.net
pay.buckaroo.nl
paypal.com
pb.wtf
pcbway.com
pcbway.ru
pcgamesn.com
periscope.tv
pexels.com
phncdn.com
php.su
piccy.info
picks.nba.com
pingdom.com
piratbit.top
pixiv.net
plab.site
platform.linkedin.com
playboy.com
plugins.jetbrains.com
plugshare.com
pornhub.com
pornolab.net
portal.bgpmon.net
premierleague.com
privatekeys.pw
prnt.sc
prostovpn.org
proton.me
protonmail.com
protonvpn.com
prowlarr.com
proxy.flibusta.net
proxy.individual.githubcopilot.com
pscp.tv
psiphon.ca
quickconnect.to
quietpc.com
quora.com
radarr.servarr.com
raw-data.gitlab.io
recraft.ai
reddxxx.com
redgifs.com
redshieldvpn.com
redtube.com
remove.bg
render-state.to
repo.mongodb.org
resp.app
rezka.ag
rezka.my
rezkify.com
rf.dobrochan.net
riotpixels.com
riperam.org
rpm.grafana.com
ru.depositphotos.com
rule34.art
rustorka.com
rutor.info
rutor.is
rutor.org
rutracker.net
rutracker.org
rutracker.ru
s3-1.amazonaws.com
saverudata.info
saverudata.net
searchfloor.org
seasonvar.ru
sebeanus.online
secure-web.cisco.com
seedoff.zannn.top
selezen.org
sentry.io
sentry.servarr.com
shikimori.me
showip.net
signal.org
singlekey-id.com
site.com
skiff.com
skladchik.com
skladchiki.pro
skladchina.vip
sky.com
skycdp.com
skyscanner.com
slideshare.net
smartbear.com
smartdeploy.com
smassets.net
smp1.adminforge.de
smp2.adminforge.de
smp3.adminforge.de
snort.org
snyk.io
soapui.org
software.cisco.com
soundcloud.com
spacelift.io
spotify.com
spreadthesign.com
sputnikipogrom.com
squadbustersgame.com
st.kinovod.net
static-ss.xvideos-cdn.com
static.hdrezka.ac
static.istories.media
static.licdn.com
static.lostfilm.top
static.rutracker.cc
status.discordapp.com
strava.com
stulchik.net
supercell.com
support.cambiumnetworks.com
support.huawei.com
support.ruckuswireless.com
surveymonkey.com
swagger.io
sydney.bing.com
sysdig.com
t.co
te-st.org
teamviewer.com
telemetr.io
tellapart.com
terraform.io
theaudiodb.com
thebarentsobserver.com
themoviedb.org
thepiratebay.org
threads.net
threema.ch
tidal.com
tik-tokapi.com
tiktok.com
tiktokcdn-eu.com
tiktokcdn-us.com
tiktokcdn.com
tiktokd.net
tiktokd.org
tiktokv.com
tiktokv.us
tiktokw.us
timberland.com
tmdb-image-prod.b-cdn.net
tmdb.org
tokenized.play.google.com
tools.cisco.com
torproject.org
torrent.by
torrentgalaxy.to
tr.anidub.com
tracker.opentrackr.org
trailblazer.me
trailhead.com
translate.servarr.com
trellix.com
tsmc.com
ttwstatic.com
tutanota.com
tweetdeck.com
twimg.com
twirpx.com
twitpic.com
twitter.biz
twitter.com
twitter.jp
twittercommunity.com
twitterflightschool.com
twitterinc.com
twitteroauth.com
twitterstat.us
twtrdns.net
twttr.com
twttr.net
twvid.com
ufile.io
ukrtelcdn.net
underver.se
unfiltered.adguard-dns.com
veeam.com
velocidrone.com
vhd.zetflix.online
vice.com
vine.co
vipdrive.net
visualcapitalist.com
vndb.org
vpngate.net
vpngen.org
vpnlove.me
vpnpay.io
vrv.co
vyos.io
walmart.com
watchguard.com
weather.com
webnames.ca
webtoons.com
weebly.com
wetransfer.com
wheather.com
wiki.fextralife.com
wikidot.com
windguru.cz
wixmp.com
wpengine.com
wunderground.com
x.com
xhamster.com
xhamsterlive.com
xnxx.com
xtracloud.net
xv-ru.com
xvideos.com
zbigz.com
zedge.net
zendesk.com
zerolab.net
zetflix.online
znanija.com
zohomail.com
f95zone.to
f95zone.com
1internet.tv
sagernet.org
slushe.com
renderhub.com
123952.com
forumtv.org
shara.club
ottclub.cc
lightiptv.cc
1cent.tv
cardshare.cc
ip-tv.club
roskomsvoboda.org
vkino.lafa.site
yt.be
youtu.be
gvt1.com
gvt2.com
ggpht.com
ytimg.com
youtube.com
gstatic.com
youtubego.com
googleapis.com
googlevideo.com
withyoutube.com
youtubekids.com
youtubegaming.com
nhacmp3youtube.com
ytimg.l.google.com
youtubefanfest.com
youtube-nocookie.com
youtubeeducation.com
googleusercontent.com
youtube-ui.l.google.com
youtubemobilesupport.com
wide-youtube.l.google.com
