10minutemail.com
1337x.to
abook-club.ru
adguard.com
ads-twitter.com
alphacoders.com
amdm.ru
amnezia.org
anilibria.tv
antizapret.prostovpn.org
api.github.com
api.githubcopilot.com
api.protonmail.ch
attachments.f95zone.to
babook.org
bitcoin.org
bitru.org
blinkshot.io
booktracker.org
boosteroid.com
bosch-home.com
bt.t-ru.org
bt2.t-ru.org
bt3.t-ru.org
bt4.t-ru.org
btdig.com
cbilling.eu
cbilling.vip
cdn.fbsbx.com
cdn.id.supercell.com
cdn.web-platform.io
cdnbunny.org
cdninstagram.com
censortracker.org
chaturbate.com
chess.com
clashofclans.com
cloudflare-dns.com
coldfilm.xyz
copilot-proxy.githubusercontent.com
cpu-monkey.com
czx.to
daemon-tools.cc
danbooru.donmai.us
deezer.com
digitalcontent.sky
dis.gd
discord-activities.com
discord.co
discord.com
discord.design
discord.dev
discord.gg
discord.gift
discord.gifts
discord.media
discord.new
discord.store
discord.tools
discordactivities.com
discordapp.com
discordapp.io
discordapp.net
discordapp.org
discordmerch.com
discordpartygames.com
discordsays.com
discordstatus.com
discours.io
disctech.com
dorama.live
doramalive.ru
doramy.club
dpidetector.org
dual-a-0001.a-msedge.net
edge.microsoft.com
edgeservices.bing.com
exler.ru
f95-zone.to
facebook.com
facebook.net
fast-torrent.club
fast.com
fb.com
fbcdn.net
fbsbx.com
fex.net
ficbook.net
filmitorrent.net
filmix.ac
filmix.biz
filmix.day
filmix.fm
filmix.la
flibusta.is
forum.ru-board.com
freedomletters.org
freeimages.com
gamesrepack.com
gelbooru.com
gitlab.io
habr.com
hd.zetfix.online
hdrezka.ac
hdrezka.ag
hentai-foundry.com
hqporner.com
i.yting.com
id.supercell.com
ig.me
ign.com
iichan.hk
ilook.tv
important-stories.com
instagr.am
instagram.com
internalfb.com
iptv.online
island-of-pleasure.site
kino.pub
kinobase.org
kinogo.la
kinogo.uk
kinokopilka.pro
kinopub.me
kinovod.net
kinozal.guru
kinozal.me
kinozal.tv
kpapp.link
lamcdn.net
lib.rus.ec
linkedin.com
lostfilm.run
lostfilm.tv
lostfilm.win
lostfilmtv2.site
lostfilmtv5.site
macpaw.com
macvendors.com
mail-api.proton.me
mailfence.com
mangadex.org
mangahub.ru
mangapark.net
megapeer.ru
megapeer.vip
metacritic.com
mullvad.net
multporn.net
mydoramy.club
netflix.com
news.google.com
nflxext.com
nflximg.net
nflxvideo.net
nnmclub.to
nnmstatic.win
ntc.party
oculus.com
onlinesim.io
onlinesim.ru
open.selezen.org
packages.gitlab.com
pb.wtf
periscope.tv
pexels.com
phncdn.com
piratbit.top
pornhub.com
pornolab.net
premierleague.com
prnt.sc
prostovpn.org
proton.me
protonmail.com
protonvpn.com
proxy.flibusta.net
proxy.individual.githubcopilot.com
pscp.tv
psiphon.ca
quickconnect.to
raw-data.gitlab.io
reddxxx.com
redgifs.com
redshieldvpn.com
redtube.com
remove.bg
render-state.to
rezka.ag
rezka.my
rezkify.com
rf.dobrochan.net
riotpixels.com
riperam.org
rule34.art
rustorka.com
rutor.info
rutor.is
rutor.org
rutracker.net
rutracker.org
rutracker.ru
s3-1.amazonaws.com
seasonvar.ru
seedoff.zannn.top
selezen.org
shikimori.me
showip.net
signal.org
singlekey-id.com
skladchik.com
skladchiki.pro
skyscanner.com
soundcloud.com
st.kinovod.net
static-ss.xvideos-cdn.com
static.hdrezka.ac
static.istories.media
static.licdn.com
static.lostfilm.top
static.rutracker.cc
strava.com
supercell.com
t.co
te-st.org
teamviewer.com
telemetr.io
tellapart.com
theaudiodb.com
themoviedb.org
thepiratebay.org
threads.net
tik-tokapi.com
tiktok.com
tiktokcdn-eu.com
tiktokcdn-us.com
tiktokcdn.com
tiktokd.net
tiktokd.org
tiktokv.com
tiktokv.us
tiktokw.us
tmdb-image-prod.b-cdn.net
tmdb.org
tokenized.play.google.com
torproject.org
torrent.by
torrentgalaxy.to
tr.anidub.com
tracker.opentrackr.org
ttwstatic.com
tutanota.com
tweetdeck.com
twimg.com
twirpx.com
twitpic.com
twitter.biz
twitter.com
twitter.jp
twittercommunity.com
twitterflightschool.com
twitterinc.com
twitteroauth.com
twitterstat.us
twtrdns.net
twttr.com
twttr.net
twvid.com
ufile.io
ukrtelcdn.net
underver.se
unfiltered.adguard-dns.com
vine.co
vipdrive.net
vndb.org
vpngate.net
vpngen.org
vpnlove.me
vpnpay.io
vrv.co
watchguard.com
webtoons.com
wetransfer.com
wiki.fextralife.com
x.com
xhamster.com
xhamsterlive.com
xnxx.com
xv-ru.com
xvideos.com
zendesk.com
zerolab.net
zetflix.online
f95zone.to
f95zone.com
1internet.tv
sagernet.org
slushe.com
renderhub.com
123952.com
forumtv.org
shara.club
ottclub.cc
lightiptv.cc
1cent.tv
cardshare.cc
ip-tv.club
roskomsvoboda.org
vkino.lafa.site
happymod.com
magicmodapk.com
youporn.com
fuqqt.com
hdtube.porn
homepornking.com
pussyspace.com
kinokong.co
kinokong.bz
kinokong.day
kinogo.fm
kinogo.ec
kinogo.inc
kinogo.new
kinogo.bot
kinogo.bet
kinogo.host
kinogo.mn
kinogo.prof
kinogo.pink
kinogo.fun
kinogoo.zone
kinogo.global
kinogo.how
kinogo.co
kinogo.online
finevpn.org
xnxx-ru.com
yt.be
youtu.be
gvt1.com
gvt2.com
ggpht.com
ytimg.com
youtube.com
gstatic.com
youtubego.com
googleapis.com
googlevideo.com
withyoutube.com
youtubekids.com
youtubegaming.com
nhacmp3youtube.com
ytimg.l.google.com
youtubefanfest.com
youtube-nocookie.com
youtubeeducation.com
googleusercontent.com
youtube-ui.l.google.com
youtubemobilesupport.com
wide-youtube.l.google.com
yt-video-upload.l.google.com
