#КИНОТЕАТРЫ-ТОРРЕНТЫ
1337x.to
bitru.org
bt.t-ru.org
bt2.t-ru.org
bt3.t-ru.org
bt4.t-ru.org
btdig.com
cdnbunny.org
coldfilm.xyz
czx.to
dorama.live
doramalive.ru
doramy.club
fast-torrent.club
filmitorrent.net
filmix.ac
filmix.biz
filmix.day
filmix.fm
filmix.la
filmix.my
filmix.tech
hdrezka.ac
hdrezka.ag
kino.pub
kinobase.org
kinogo.bet
kinogo.bot
kinogo.co
kinogo.ec
kinogo.fm
kinogo.fun
kinogo.global
kinogo.host
kinogo.how
kinogo.inc
kinogo.la
kinogo.mn
kinogo.new
kinogo.online
kinogo.pink
kinogo.prof
kinogo.uk
kinokong.bz
kinokong.co
kinokong.day
kinokopilka.pro
kinopub.me
kinovod.net
kinozal.guru
kinozal.me
kinozal.tv
kpapp.link
lostfilm.run
lostfilm.tv
lostfilm.win
lostfilmtv2.site
lostfilmtv5.site
megapeer.ru
megapeer.vip
metacritic.com
mydoramy.club
nnmclub.to
nnmstatic.win
open.selezen.org
pb.wtf
piratbit.top
rezka.ag
rezka.my
rezkify.com
riperam.org
rustorka.com
rutor.info
rutor.is
rutor.org
rutracker.net
rutracker.org
rutracker.ru
seasonvar.ru
seedoff.zannn.top
selezen.org
static.hdrezka.ac
static.lostfilm.top
static.rutracker.cc
tmdb-image-prod.b-cdn.net
tmdb.org
themoviedb.org
thepiratebay.org
torrent.by
torrentgalaxy.to
tr.anidub.com
tracker.opentrackr.org
underver.se
vkino.lafa.site
zet-flix.online
zetflix.online

#LAMPA-REZKA-BOOST
1internet.tv
annacdn.cc
bhcesh.me
ninsel.ws
fotpro135alto.com
cdnsqu.com
cdnvideohub.com
werkecdn.me
tor2me.info
apn.monster
okcdn.ru
videocdn.pw
videocdn.so
ukrtelcdn.net

#VPN-ФОРУМЫ
adguard.com
amnezia.org
antizapret.prostovpn.org
censortracker.org
cloudflare-dns.com
discours.io
dpidetector.org
exler.ru
fast.com
finevpn.org
forum.ru-board.com
habr.com
mullvad.net
ntc.party
onlinesim.io
onlinesim.ru
prostovpn.org
proton.me
protonmail.com
protonvpn.com
psiphon.ca
redshieldvpn.com
roskomsvoboda.org
sagernet.org
te-st.org
torproject.org
unfiltered.adguard-dns.com
vpngate.net
vpngen.org
vpnlove.me
vpnpay.io
watchguard.com
zerolab.net

#PORN
chaturbate.com
eroticbeauties.net
fuqqt.com
hdtube.porn
homepornking.com
hqporner.com
multporn.net
phncdn.com
pornhub.com
pornolab.net
pussyspace.com
redgifs.com
redtube.com
reddxxx.com
static-ss.xvideos-cdn.com
thatpervert.com
youporn.com
xhamster.com
xhamsterlive.com
xnxx-ru.com
xnxx.com
xv-ru.com
xvideos.com

#ANIME
anilibria.tv
animejoy.site
danbooru.donmai.us
e-hentai.org
gelbooru.com
hentai-foundry.com
island-of-pleasure.site
iichan.hk
mangadex.org
mangahub.ru
mangapark.net
porncomicsus.com
rf.dobrochan.net
rule34.art
shikimori.me
vndb.org
vrv.co
webtoons.com

#3DModeling
3d-load.net
attachments.f95zone.to
blinkshot.io
f95-zone.to
f95zone.com
f95zone.to
renderhub.com
render-state.to
slushe.com
wp.com

#IPTV
1cent.tv
cardshare.cc
cbilling.eu
cbilling.vip
forumtv.org
ilook.tv
ip-tv.club
iptv.online
lightiptv.cc
ottclub.cc
shara.club
vipdrive.net

#КНИГИ
abook-club.ru
babook.org
booktracker.org
ficbook.net
flibusta.is
freedomletters.org
lib.rus.ec
librusec.club
librusec.org
librusec.pro
proxy.flibusta.net

#МУЗЫКА
amdm.ru
deezer.com
soundcloud.com
theaudiodb.com

#ФОТО
freeimages.com
lamcdn.net
pexels.com
prnt.sc
remove.bg

#GAMES
boosteroid.com
chess.com
clashofclans.com
gamesrepack.com
ign.com
riotpixels.com
supercell.com
wiki.fextralife.com

#ПОЧТА
10minutemail.com
api.protonmail.ch
mail-api.proton.me
mailfence.com
tutanota.com

#АЙТИ
alphacoders.com
bitcoin.org
cdn.web-platform.io
singlekey-id.com

#GITHUB
api.github.com
api.githubcopilot.com
copilot-proxy.githubusercontent.com
gitlab.io
packages.gitlab.com
proxy.individual.githubcopilot.com
raw-data.gitlab.io

#СОФТ-ХАРД
bosch-home.com
cpu-monkey.com
daemon-tools.cc
macvendors.com
telemetr.io

#APKMODS
happymod.com
magicmodapk.com

#EDGE
dual-a-0001.a-msedge.net
edge.microsoft.com
edgeservices.bing.com
news.google.com

#ХРАНИЛИЩА
fex.net
i.yting.com
quickconnect.to
s3-1.amazonaws.com
static.licdn.com
ufile.io

#РАБОТА-ОБУЧЕНИЕ
linkedin.com
skladchik.com
skladchiki.pro

#DISCORD
dis.gd
discord-activities.com
discord.co
discord.com
discord.design
discord.dev
discord.gg
discord.gift
discord.gifts
discord.media
discord.new
discord.store
discord.tools
discordactivities.com
discordapp.com
discordapp.io
discordapp.net
discordapp.org
discordmerch.com
discordpartygames.com
discordsays.com
discordstatus.com

#FACEBOOK
facebook.com
facebook.net
fb.com
fbcdn.net
fbsbx.com
internalfb.com
oculus.com

#INSTAGRAM
cdninstagram.com
ig.me
instagr.am
instagram.com
threads.net

#NETFLIX
netflix.com
nflxext.com
nflximg.net
nflxvideo.net

#TWITTER
ads-twitter.com
periscope.tv
pscp.tv
t.co
tweetdeck.com
twimg.com
twirpx.com
twitpic.com
twitter.biz
twitter.com
twitter.jp
twittercommunity.com
twitterflightschool.com
twitterinc.com
twitteroauth.com
twitterstat.us
twtrdns.net
twttr.com
twttr.net
twvid.com
vine.co
x.com

#TIKTOK
tik-tokapi.com
tiktok.com
tiktokcdn-eu.com
tiktokcdn-us.com
tiktokcdn.com
tiktokd.net
tiktokd.org
tiktokv.com
tiktokv.us
tiktokw.us
ttwstatic.com

#VIBER
viber.com

#YOUTUBE
yt.be
youtu.be
gvt1.com
gvt2.com
ggpht.com
ytimg.com
youtube.com
gstatic.com
youtubego.com
googleapis.com
googlevideo.com
withyoutube.com
youtubekids.com
youtubegaming.com
nhacmp3youtube.com
ytimg.l.google.com
youtubefanfest.com
youtube-nocookie.com
youtubeeducation.com
googleusercontent.com
youtube-ui.l.google.com
youtubemobilesupport.com
wide-youtube.l.google.com
yt-video-upload.l.google.com
